MODIFIED: C:\Users\Anton\Documents\GitHub\webarchive\rockstargames.com\midnightclub3\desktops\1024x768\1024black.html - removed 3965 chars
MODIFIED: C:\Users\Anton\Documents\GitHub\webarchive\rockstargames.com\midnightclub3\desktops\1024x768\1024white.html - removed 3965 chars
MODIFIED: C:\Users\Anton\Documents\GitHub\webarchive\rockstargames.com\midnightclub3\desktops\1280x1024\1280black.html - removed 3965 chars
MODIFIED: C:\Users\Anton\Documents\GitHub\webarchive\rockstargames.com\midnightclub3\desktops\1280x1024\1280white.html - removed 3965 chars
MODIFIED: C:\Users\Anton\Documents\GitHub\webarchive\rockstargames.com\midnightclub3\desktops\1600x1200\1600black.html - removed 3965 chars
MODIFIED: C:\Users\Anton\Documents\GitHub\webarchive\rockstargames.com\midnightclub3\desktops\1600x1200\1600white.html - removed 3965 chars
MODIFIED: C:\Users\Anton\Documents\GitHub\webarchive\rockstargames.com\midnightclub3\desktops\480x272\psp_ducati.htm - removed 3965 chars
MODIFIED: C:\Users\Anton\Documents\GitHub\webarchive\rockstargames.com\midnightclub3\desktops\480x272\psp_fob.htm - removed 3965 chars
MODIFIED: C:\Users\Anton\Documents\GitHub\webarchive\rockstargames.com\midnightclub3\desktops\480x272\psp_lancer.htm - removed 3965 chars
MODIFIED: C:\Users\Anton\Documents\GitHub\webarchive\rockstargames.com\midnightclub3\desktops\800x600\800black.html - removed 3965 chars
MODIFIED: C:\Users\Anton\Documents\GitHub\webarchive\rockstargames.com\midnightclub3\desktops\800x600\800white.html - removed 3965 chars
MODIFIED: C:\Users\Anton\Documents\GitHub\webarchive\rockstargames.com\midnightclub3\remix\ss\atlanta1.htm - removed 3965 chars
MODIFIED: C:\Users\Anton\Documents\GitHub\webarchive\rockstargames.com\midnightclub3\remix\ss\atlanta2.htm - removed 3965 chars
MODIFIED: C:\Users\Anton\Documents\GitHub\webarchive\rockstargames.com\midnightclub3\remix\ss\detroit1.htm - removed 3965 chars
MODIFIED: C:\Users\Anton\Documents\GitHub\webarchive\rockstargames.com\midnightclub3\remix\ss\detroit2.htm - removed 3965 chars
MODIFIED: C:\Users\Anton\Documents\GitHub\webarchive\rockstargames.com\midnightclub3\remix\ss\sandiego1.htm - removed 3965 chars
MODIFIED: C:\Users\Anton\Documents\GitHub\webarchive\rockstargames.com\midnightclub3\remix\ss\sandiego2.htm - removed 3965 chars
MODIFIED: C:\Users\Anton\Documents\GitHub\webarchive\rockstargames.com\midnightclub3\remix\ss\tokyo1.htm - removed 3965 chars
MODIFIED: C:\Users\Anton\Documents\GitHub\webarchive\rockstargames.com\midnightclub3\remix\ss\tokyo2.htm - removed 3965 chars
MODIFIED: C:\Users\Anton\Documents\GitHub\webarchive\rockstargames.com\midnightclub3\remix\vids\f355-320mov.htm - removed 3958 chars
MODIFIED: C:\Users\Anton\Documents\GitHub\webarchive\rockstargames.com\midnightclub3\remix\vids\f355-480mov.htm - removed 3958 chars
MODIFIED: C:\Users\Anton\Documents\GitHub\webarchive\rockstargames.com\midnightclub3\remix\vids\lambo-320mov.htm - removed 3958 chars
MODIFIED: C:\Users\Anton\Documents\GitHub\webarchive\rockstargames.com\midnightclub3\remix\vids\lambo-480mov.htm - removed 3959 chars
MODIFIED: C:\Users\Anton\Documents\GitHub\webarchive\rockstargames.com\midnightclub3\remix\vids\mc3rFinal320X240mov.htm - removed 3958 chars
MODIFIED: C:\Users\Anton\Documents\GitHub\webarchive\rockstargames.com\midnightclub3\remix\vids\mc3rFinal480X360mov.htm - removed 3959 chars
MODIFIED: C:\Users\Anton\Documents\GitHub\webarchive\rockstargames.com\midnightclub3\remix\vids\mc3rFinal480X360wmv.htm - removed 3959 chars
MODIFIED: C:\Users\Anton\Documents\GitHub\webarchive\rockstargames.com\midnightclub3\remix\index.html - removed 3956 chars
MODIFIED: C:\Users\Anton\Documents\GitHub\webarchive\rockstargames.com\midnightclub3\screens\ps2_1.html - removed 3956 chars
MODIFIED: C:\Users\Anton\Documents\GitHub\webarchive\rockstargames.com\midnightclub3\screens\ps2_10.html - removed 3956 chars
MODIFIED: C:\Users\Anton\Documents\GitHub\webarchive\rockstargames.com\midnightclub3\screens\ps2_11.html - removed 3956 chars
MODIFIED: C:\Users\Anton\Documents\GitHub\webarchive\rockstargames.com\midnightclub3\screens\ps2_12.html - removed 3956 chars
MODIFIED: C:\Users\Anton\Documents\GitHub\webarchive\rockstargames.com\midnightclub3\screens\ps2_13.html - removed 3956 chars
MODIFIED: C:\Users\Anton\Documents\GitHub\webarchive\rockstargames.com\midnightclub3\screens\ps2_14.html - removed 3956 chars
MODIFIED: C:\Users\Anton\Documents\GitHub\webarchive\rockstargames.com\midnightclub3\screens\ps2_15.html - removed 3956 chars
MODIFIED: C:\Users\Anton\Documents\GitHub\webarchive\rockstargames.com\midnightclub3\screens\ps2_2.html - removed 3956 chars
MODIFIED: C:\Users\Anton\Documents\GitHub\webarchive\rockstargames.com\midnightclub3\screens\ps2_3.html - removed 3956 chars
MODIFIED: C:\Users\Anton\Documents\GitHub\webarchive\rockstargames.com\midnightclub3\screens\ps2_4.html - removed 3956 chars
MODIFIED: C:\Users\Anton\Documents\GitHub\webarchive\rockstargames.com\midnightclub3\screens\ps2_5.html - removed 3956 chars
MODIFIED: C:\Users\Anton\Documents\GitHub\webarchive\rockstargames.com\midnightclub3\screens\ps2_6.html - removed 3956 chars
MODIFIED: C:\Users\Anton\Documents\GitHub\webarchive\rockstargames.com\midnightclub3\screens\ps2_7.html - removed 3956 chars
MODIFIED: C:\Users\Anton\Documents\GitHub\webarchive\rockstargames.com\midnightclub3\screens\ps2_8.html - removed 3956 chars
MODIFIED: C:\Users\Anton\Documents\GitHub\webarchive\rockstargames.com\midnightclub3\screens\ps2_9.html - removed 3956 chars
MODIFIED: C:\Users\Anton\Documents\GitHub\webarchive\rockstargames.com\midnightclub3\screens\psp_01.html - removed 3956 chars
MODIFIED: C:\Users\Anton\Documents\GitHub\webarchive\rockstargames.com\midnightclub3\screens\psp_02.html - removed 3956 chars
MODIFIED: C:\Users\Anton\Documents\GitHub\webarchive\rockstargames.com\midnightclub3\screens\psp_03.html - removed 3956 chars
MODIFIED: C:\Users\Anton\Documents\GitHub\webarchive\rockstargames.com\midnightclub3\screens\psp_04.html - removed 3956 chars
MODIFIED: C:\Users\Anton\Documents\GitHub\webarchive\rockstargames.com\midnightclub3\screens\psp_05.html - removed 3956 chars
MODIFIED: C:\Users\Anton\Documents\GitHub\webarchive\rockstargames.com\midnightclub3\screens\psp_06.html - removed 3956 chars
MODIFIED: C:\Users\Anton\Documents\GitHub\webarchive\rockstargames.com\midnightclub3\screens\psp_07.html - removed 3956 chars
MODIFIED: C:\Users\Anton\Documents\GitHub\webarchive\rockstargames.com\midnightclub3\screens\psp_08.html - removed 3956 chars
MODIFIED: C:\Users\Anton\Documents\GitHub\webarchive\rockstargames.com\midnightclub3\screens\psp_09.html - removed 3956 chars
MODIFIED: C:\Users\Anton\Documents\GitHub\webarchive\rockstargames.com\midnightclub3\screens\psp_10.html - removed 3956 chars
MODIFIED: C:\Users\Anton\Documents\GitHub\webarchive\rockstargames.com\midnightclub3\screens\psp_11.html - removed 3956 chars
MODIFIED: C:\Users\Anton\Documents\GitHub\webarchive\rockstargames.com\midnightclub3\screens\psp_12.html - removed 3956 chars
MODIFIED: C:\Users\Anton\Documents\GitHub\webarchive\rockstargames.com\midnightclub3\screens\xbox_1.html - removed 3956 chars
MODIFIED: C:\Users\Anton\Documents\GitHub\webarchive\rockstargames.com\midnightclub3\screens\xbox_10.html - removed 3956 chars
MODIFIED: C:\Users\Anton\Documents\GitHub\webarchive\rockstargames.com\midnightclub3\screens\xbox_11.html - removed 3956 chars
MODIFIED: C:\Users\Anton\Documents\GitHub\webarchive\rockstargames.com\midnightclub3\screens\xbox_12.html - removed 3956 chars
MODIFIED: C:\Users\Anton\Documents\GitHub\webarchive\rockstargames.com\midnightclub3\screens\xbox_13.html - removed 3956 chars
MODIFIED: C:\Users\Anton\Documents\GitHub\webarchive\rockstargames.com\midnightclub3\screens\xbox_14.html - removed 3956 chars
MODIFIED: C:\Users\Anton\Documents\GitHub\webarchive\rockstargames.com\midnightclub3\screens\xbox_15.html - removed 3956 chars
MODIFIED: C:\Users\Anton\Documents\GitHub\webarchive\rockstargames.com\midnightclub3\screens\xbox_2.html - removed 3956 chars
MODIFIED: C:\Users\Anton\Documents\GitHub\webarchive\rockstargames.com\midnightclub3\screens\xbox_3.html - removed 3956 chars
MODIFIED: C:\Users\Anton\Documents\GitHub\webarchive\rockstargames.com\midnightclub3\screens\xbox_4.html - removed 3956 chars
MODIFIED: C:\Users\Anton\Documents\GitHub\webarchive\rockstargames.com\midnightclub3\screens\xbox_5.html - removed 3956 chars
MODIFIED: C:\Users\Anton\Documents\GitHub\webarchive\rockstargames.com\midnightclub3\screens\xbox_6.html - removed 3956 chars
MODIFIED: C:\Users\Anton\Documents\GitHub\webarchive\rockstargames.com\midnightclub3\screens\xbox_7.html - removed 3956 chars
MODIFIED: C:\Users\Anton\Documents\GitHub\webarchive\rockstargames.com\midnightclub3\screens\xbox_8.html - removed 3956 chars
MODIFIED: C:\Users\Anton\Documents\GitHub\webarchive\rockstargames.com\midnightclub3\screens\xbox_9.html - removed 3956 chars
MODIFIED: C:\Users\Anton\Documents\GitHub\webarchive\rockstargames.com\midnightclub3\screenshots\carscreens\bikes\diablo\diablo_01.html - removed 3965 chars
MODIFIED: C:\Users\Anton\Documents\GitHub\webarchive\rockstargames.com\midnightclub3\screenshots\carscreens\bikes\diablo\diablo_02.html - removed 3965 chars
MODIFIED: C:\Users\Anton\Documents\GitHub\webarchive\rockstargames.com\midnightclub3\screenshots\carscreens\bikes\diablo\diablo_03.html - removed 3965 chars
MODIFIED: C:\Users\Anton\Documents\GitHub\webarchive\rockstargames.com\midnightclub3\screenshots\carscreens\bikes\ducati\ducati_01.html - removed 3965 chars
MODIFIED: C:\Users\Anton\Documents\GitHub\webarchive\rockstargames.com\midnightclub3\screenshots\carscreens\bikes\ducati\ducati_02.html - removed 3965 chars
MODIFIED: C:\Users\Anton\Documents\GitHub\webarchive\rockstargames.com\midnightclub3\screenshots\carscreens\bikes\ducati\ducati_03.html - removed 3965 chars
MODIFIED: C:\Users\Anton\Documents\GitHub\webarchive\rockstargames.com\midnightclub3\screenshots\carscreens\bikes\mille\mille_01.html - removed 3965 chars
MODIFIED: C:\Users\Anton\Documents\GitHub\webarchive\rockstargames.com\midnightclub3\screenshots\carscreens\bikes\mille\mille_02.html - removed 3965 chars
MODIFIED: C:\Users\Anton\Documents\GitHub\webarchive\rockstargames.com\midnightclub3\screenshots\carscreens\bikes\mille\mille_03.html - removed 3965 chars
MODIFIED: C:\Users\Anton\Documents\GitHub\webarchive\rockstargames.com\midnightclub3\screenshots\carscreens\bikes\skully\skully_01.html - removed 3965 chars
MODIFIED: C:\Users\Anton\Documents\GitHub\webarchive\rockstargames.com\midnightclub3\screenshots\carscreens\bikes\skully\skully_02.html - removed 3965 chars
MODIFIED: C:\Users\Anton\Documents\GitHub\webarchive\rockstargames.com\midnightclub3\screenshots\carscreens\bikes\skully\skully_03.html - removed 3965 chars
MODIFIED: C:\Users\Anton\Documents\GitHub\webarchive\rockstargames.com\midnightclub3\screenshots\carscreens\classic\camaro\camaro_01.html - removed 3965 chars
MODIFIED: C:\Users\Anton\Documents\GitHub\webarchive\rockstargames.com\midnightclub3\screenshots\carscreens\classic\camaro\camaro_02.html - removed 3965 chars
MODIFIED: C:\Users\Anton\Documents\GitHub\webarchive\rockstargames.com\midnightclub3\screenshots\carscreens\classic\camaro\camaro_03.html - removed 3965 chars
MODIFIED: C:\Users\Anton\Documents\GitHub\webarchive\rockstargames.com\midnightclub3\screenshots\carscreens\classic\corvette\corvette_01.html - removed 3965 chars
MODIFIED: C:\Users\Anton\Documents\GitHub\webarchive\rockstargames.com\midnightclub3\screenshots\carscreens\classic\corvette\corvette_02.html - removed 3965 chars
MODIFIED: C:\Users\Anton\Documents\GitHub\webarchive\rockstargames.com\midnightclub3\screenshots\carscreens\classic\corvette\corvette_03.html - removed 3965 chars
MODIFIED: C:\Users\Anton\Documents\GitHub\webarchive\rockstargames.com\midnightclub3\screenshots\carscreens\classic\gto\gto_01.html - removed 3965 chars
MODIFIED: C:\Users\Anton\Documents\GitHub\webarchive\rockstargames.com\midnightclub3\screenshots\carscreens\classic\gto\gto_02.html - removed 3965 chars
MODIFIED: C:\Users\Anton\Documents\GitHub\webarchive\rockstargames.com\midnightclub3\screenshots\carscreens\classic\gto\gto_03.html - removed 3965 chars
MODIFIED: C:\Users\Anton\Documents\GitHub\webarchive\rockstargames.com\midnightclub3\screenshots\carscreens\classic\impala\impala_01.html - removed 3965 chars
MODIFIED: C:\Users\Anton\Documents\GitHub\webarchive\rockstargames.com\midnightclub3\screenshots\carscreens\classic\impala\impala_02.html - removed 3965 chars
MODIFIED: C:\Users\Anton\Documents\GitHub\webarchive\rockstargames.com\midnightclub3\screenshots\carscreens\classic\impala\impala_03.html - removed 3965 chars
MODIFIED: C:\Users\Anton\Documents\GitHub\webarchive\rockstargames.com\midnightclub3\screenshots\carscreens\exotics\mclaren\mclaren_01.html - removed 3965 chars
MODIFIED: C:\Users\Anton\Documents\GitHub\webarchive\rockstargames.com\midnightclub3\screenshots\carscreens\exotics\mclaren\mclaren_02.html - removed 3965 chars
MODIFIED: C:\Users\Anton\Documents\GitHub\webarchive\rockstargames.com\midnightclub3\screenshots\carscreens\exotics\mclaren\mclaren_03.html - removed 3965 chars
MODIFIED: C:\Users\Anton\Documents\GitHub\webarchive\rockstargames.com\midnightclub3\screenshots\carscreens\exotics\me412\me412_01.html - removed 3965 chars
MODIFIED: C:\Users\Anton\Documents\GitHub\webarchive\rockstargames.com\midnightclub3\screenshots\carscreens\exotics\me412\me412_02.html - removed 3965 chars
MODIFIED: C:\Users\Anton\Documents\GitHub\webarchive\rockstargames.com\midnightclub3\screenshots\carscreens\exotics\me412\me412_03.html - removed 3965 chars
MODIFIED: C:\Users\Anton\Documents\GitHub\webarchive\rockstargames.com\midnightclub3\screenshots\carscreens\exotics\murcielago\murcielago_01.html - removed 3965 chars
MODIFIED: C:\Users\Anton\Documents\GitHub\webarchive\rockstargames.com\midnightclub3\screenshots\carscreens\exotics\murcielago\murcielago_02.html - removed 3965 chars
MODIFIED: C:\Users\Anton\Documents\GitHub\webarchive\rockstargames.com\midnightclub3\screenshots\carscreens\exotics\murcielago\murcielago_03.html - removed 3965 chars
MODIFIED: C:\Users\Anton\Documents\GitHub\webarchive\rockstargames.com\midnightclub3\screenshots\carscreens\exotics\saleen_sr\saleen_sr_01.html - removed 3965 chars
MODIFIED: C:\Users\Anton\Documents\GitHub\webarchive\rockstargames.com\midnightclub3\screenshots\carscreens\exotics\saleen_sr\saleen_sr_02.html - removed 3965 chars
MODIFIED: C:\Users\Anton\Documents\GitHub\webarchive\rockstargames.com\midnightclub3\screenshots\carscreens\exotics\saleen_sr\saleen_sr_03.html - removed 3965 chars
MODIFIED: C:\Users\Anton\Documents\GitHub\webarchive\rockstargames.com\midnightclub3\screenshots\carscreens\sedan\300c\300c_01.html - removed 3965 chars
MODIFIED: C:\Users\Anton\Documents\GitHub\webarchive\rockstargames.com\midnightclub3\screenshots\carscreens\sedan\300c\300c_02.html - removed 3965 chars
MODIFIED: C:\Users\Anton\Documents\GitHub\webarchive\rockstargames.com\midnightclub3\screenshots\carscreens\sedan\300c\300c_03.html - removed 3965 chars
MODIFIED: C:\Users\Anton\Documents\GitHub\webarchive\rockstargames.com\midnightclub3\screenshots\carscreens\sedan\cl500\cl500_01.html - removed 3965 chars
MODIFIED: C:\Users\Anton\Documents\GitHub\webarchive\rockstargames.com\midnightclub3\screenshots\carscreens\sedan\cl500\cl500_02.html - removed 3965 chars
MODIFIED: C:\Users\Anton\Documents\GitHub\webarchive\rockstargames.com\midnightclub3\screenshots\carscreens\sedan\cl500\cl500_03.html - removed 3965 chars
MODIFIED: C:\Users\Anton\Documents\GitHub\webarchive\rockstargames.com\midnightclub3\screenshots\carscreens\sedan\gs_430\gs_430_01.html - removed 3965 chars
MODIFIED: C:\Users\Anton\Documents\GitHub\webarchive\rockstargames.com\midnightclub3\screenshots\carscreens\sedan\gs_430\gs_430_02.html - removed 3965 chars
MODIFIED: C:\Users\Anton\Documents\GitHub\webarchive\rockstargames.com\midnightclub3\screenshots\carscreens\sedan\gs_430\gs_430_03.html - removed 3965 chars
MODIFIED: C:\Users\Anton\Documents\GitHub\webarchive\rockstargames.com\midnightclub3\screenshots\carscreens\sedan\phaeton\phaeton_01.html - removed 3965 chars
MODIFIED: C:\Users\Anton\Documents\GitHub\webarchive\rockstargames.com\midnightclub3\screenshots\carscreens\sedan\phaeton\phaeton_02.html - removed 3965 chars
MODIFIED: C:\Users\Anton\Documents\GitHub\webarchive\rockstargames.com\midnightclub3\screenshots\carscreens\sedan\phaeton\phaeton_03.html - removed 3965 chars
MODIFIED: C:\Users\Anton\Documents\GitHub\webarchive\rockstargames.com\midnightclub3\screenshots\carscreens\suv\dodge_ram\dodge_ram_01.html - removed 3965 chars
MODIFIED: C:\Users\Anton\Documents\GitHub\webarchive\rockstargames.com\midnightclub3\screenshots\carscreens\suv\dodge_ram\dodge_ram_02.html - removed 3965 chars
MODIFIED: C:\Users\Anton\Documents\GitHub\webarchive\rockstargames.com\midnightclub3\screenshots\carscreens\suv\dodge_ram\dodge_ram_03.html - removed 3965 chars
MODIFIED: C:\Users\Anton\Documents\GitHub\webarchive\rockstargames.com\midnightclub3\screenshots\carscreens\suv\escalade_ext\escalade_ext_01.html - removed 3965 chars
MODIFIED: C:\Users\Anton\Documents\GitHub\webarchive\rockstargames.com\midnightclub3\screenshots\carscreens\suv\escalade_ext\escalade_ext_02.html - removed 3965 chars
MODIFIED: C:\Users\Anton\Documents\GitHub\webarchive\rockstargames.com\midnightclub3\screenshots\carscreens\suv\escalade_ext\escalade_ext_03.html - removed 3965 chars
MODIFIED: C:\Users\Anton\Documents\GitHub\webarchive\rockstargames.com\midnightclub3\screenshots\carscreens\suv\g500\g500_01.html - removed 3965 chars
MODIFIED: C:\Users\Anton\Documents\GitHub\webarchive\rockstargames.com\midnightclub3\screenshots\carscreens\suv\g500\g500_02.html - removed 3965 chars
MODIFIED: C:\Users\Anton\Documents\GitHub\webarchive\rockstargames.com\midnightclub3\screenshots\carscreens\suv\g500\g500_03.html - removed 3965 chars
MODIFIED: C:\Users\Anton\Documents\GitHub\webarchive\rockstargames.com\midnightclub3\screenshots\carscreens\suv\h2\h2_01.html - removed 3965 chars
MODIFIED: C:\Users\Anton\Documents\GitHub\webarchive\rockstargames.com\midnightclub3\screenshots\carscreens\suv\h2\h2_02.html - removed 3965 chars
MODIFIED: C:\Users\Anton\Documents\GitHub\webarchive\rockstargames.com\midnightclub3\screenshots\carscreens\suv\h2\h2_03.html - removed 3965 chars
MODIFIED: C:\Users\Anton\Documents\GitHub\webarchive\rockstargames.com\midnightclub3\screenshots\carscreens\tuner\350z\350z_01.html - removed 3965 chars
MODIFIED: C:\Users\Anton\Documents\GitHub\webarchive\rockstargames.com\midnightclub3\screenshots\carscreens\tuner\350z\350z_02.html - removed 3965 chars
MODIFIED: C:\Users\Anton\Documents\GitHub\webarchive\rockstargames.com\midnightclub3\screenshots\carscreens\tuner\350z\350z_03.html - removed 3965 chars
MODIFIED: C:\Users\Anton\Documents\GitHub\webarchive\rockstargames.com\midnightclub3\screenshots\carscreens\tuner\is300\is300_01.html - removed 3965 chars
MODIFIED: C:\Users\Anton\Documents\GitHub\webarchive\rockstargames.com\midnightclub3\screenshots\carscreens\tuner\is300\is300_02.html - removed 3965 chars
MODIFIED: C:\Users\Anton\Documents\GitHub\webarchive\rockstargames.com\midnightclub3\screenshots\carscreens\tuner\is300\is300_03.html - removed 3965 chars
MODIFIED: C:\Users\Anton\Documents\GitHub\webarchive\rockstargames.com\midnightclub3\screenshots\carscreens\tuner\lancer\lancer_01.html - removed 3965 chars
MODIFIED: C:\Users\Anton\Documents\GitHub\webarchive\rockstargames.com\midnightclub3\screenshots\carscreens\tuner\lancer\lancer_02.html - removed 3965 chars
MODIFIED: C:\Users\Anton\Documents\GitHub\webarchive\rockstargames.com\midnightclub3\screenshots\carscreens\tuner\lancer\lancer_03.html - removed 3965 chars
MODIFIED: C:\Users\Anton\Documents\GitHub\webarchive\rockstargames.com\midnightclub3\screenshots\carscreens\tuner\skyline\skyline_01.html - removed 3965 chars
MODIFIED: C:\Users\Anton\Documents\GitHub\webarchive\rockstargames.com\midnightclub3\screenshots\carscreens\tuner\skyline\skyline_02.html - removed 3965 chars
MODIFIED: C:\Users\Anton\Documents\GitHub\webarchive\rockstargames.com\midnightclub3\screenshots\carscreens\tuner\skyline\skyline_03.html - removed 3965 chars
UNCHANGED: C:\Users\Anton\Documents\GitHub\webarchive\rockstargames.com\midnightclub3\trailers\video\mc3psp.html
UNCHANGED: C:\Users\Anton\Documents\GitHub\webarchive\rockstargames.com\midnightclub3\trailers\video\mc3_2_320.html
UNCHANGED: C:\Users\Anton\Documents\GitHub\webarchive\rockstargames.com\midnightclub3\trailers\video\mc3_2_480.html
UNCHANGED: C:\Users\Anton\Documents\GitHub\webarchive\rockstargames.com\midnightclub3\trailers\video\mc3_2_480_wmv.html
UNCHANGED: C:\Users\Anton\Documents\GitHub\webarchive\rockstargames.com\midnightclub3\trailers\video\mc3_320.html
UNCHANGED: C:\Users\Anton\Documents\GitHub\webarchive\rockstargames.com\midnightclub3\trailers\video\mc3_3_320.html
UNCHANGED: C:\Users\Anton\Documents\GitHub\webarchive\rockstargames.com\midnightclub3\trailers\video\mc3_3_480.html
UNCHANGED: C:\Users\Anton\Documents\GitHub\webarchive\rockstargames.com\midnightclub3\trailers\video\mc3_3_480_wmv.html
UNCHANGED: C:\Users\Anton\Documents\GitHub\webarchive\rockstargames.com\midnightclub3\trailers\video\mc3_480.html
UNCHANGED: C:\Users\Anton\Documents\GitHub\webarchive\rockstargames.com\midnightclub3\trailers\video\mc3_4_320.html
UNCHANGED: C:\Users\Anton\Documents\GitHub\webarchive\rockstargames.com\midnightclub3\trailers\video\mc3_4_480.html
UNCHANGED: C:\Users\Anton\Documents\GitHub\webarchive\rockstargames.com\midnightclub3\trailers\video\mc3_4_480_wmv.html
MODIFIED: C:\Users\Anton\Documents\GitHub\webarchive\rockstargames.com\midnightclub3\trailers\trailers.html - removed 3956 chars
MODIFIED: C:\Users\Anton\Documents\GitHub\webarchive\rockstargames.com\midnightclub3\aboutdub.html - removed 3956 chars
MODIFIED: C:\Users\Anton\Documents\GitHub\webarchive\rockstargames.com\midnightclub3\bikesvehicle.html - removed 3956 chars
MODIFIED: C:\Users\Anton\Documents\GitHub\webarchive\rockstargames.com\midnightclub3\buynow.html - removed 3956 chars
MODIFIED: C:\Users\Anton\Documents\GitHub\webarchive\rockstargames.com\midnightclub3\classicvehicle.html - removed 3956 chars
MODIFIED: C:\Users\Anton\Documents\GitHub\webarchive\rockstargames.com\midnightclub3\downloads.html - removed 3956 chars
MODIFIED: C:\Users\Anton\Documents\GitHub\webarchive\rockstargames.com\midnightclub3\exoticvehicle.html - removed 3956 chars
MODIFIED: C:\Users\Anton\Documents\GitHub\webarchive\rockstargames.com\midnightclub3\fullcustom.html - removed 3956 chars
MODIFIED: C:\Users\Anton\Documents\GitHub\webarchive\rockstargames.com\midnightclub3\fullvehicle.html - removed 3956 chars
MODIFIED: C:\Users\Anton\Documents\GitHub\webarchive\rockstargames.com\midnightclub3\home.html - removed 3956 chars
MODIFIED: C:\Users\Anton\Documents\GitHub\webarchive\rockstargames.com\midnightclub3\index.html - removed 3956 chars
MODIFIED: C:\Users\Anton\Documents\GitHub\webarchive\rockstargames.com\midnightclub3\info.html - removed 3956 chars
MODIFIED: C:\Users\Anton\Documents\GitHub\webarchive\rockstargames.com\midnightclub3\news.html - removed 3956 chars
MODIFIED: C:\Users\Anton\Documents\GitHub\webarchive\rockstargames.com\midnightclub3\online.html - removed 3956 chars
MODIFIED: C:\Users\Anton\Documents\GitHub\webarchive\rockstargames.com\midnightclub3\sedanvehicle.html - removed 3956 chars
MODIFIED: C:\Users\Anton\Documents\GitHub\webarchive\rockstargames.com\midnightclub3\suvvehicle.html - removed 3956 chars
MODIFIED: C:\Users\Anton\Documents\GitHub\webarchive\rockstargames.com\midnightclub3\tunervehicle.html - removed 3956 chars
